/home/uzsombi/.config/matplotlib is not a writable directory
Matplotlib created a temporary cache directory at /tmp/matplotlib-nbznob64 because there was an issue with the default path (/home/uzsombi/.config/matplotlib); it is highly recommended to set the MPLCONFIGDIR environment variable to a writable directory, in particular to speed up the import of Matplotlib and to better support multiprocessing.
[Model recovery] Running 2 simulations on 24 CPUs
Process ForkPoolWorker-3:
Process ForkPoolWorker-4:
Process ForkPoolWorker-1:
Process ForkPoolWorker-10:
Process ForkPoolWorker-9:
Process ForkPoolWorker-7:
Process ForkPoolWorker-15:
Process ForkPoolWorker-12:
Process ForkPoolWorker-5:
Process ForkPoolWorker-17:
Process ForkPoolWorker-20:
Traceback (most recent call last):
  File "/workspace/uzsombi/inserm/PoPy/notebooks/behav_modeling/generate_model_recovery.py", line 193, in <module>
    generate_model_recovery(
  File "/workspace/uzsombi/inserm/PoPy/notebooks/behav_modeling/generate_model_recovery.py", line 184, in generate_model_recovery
    recovery_results = pool.starmap(_run_model_recovery, tasks)
  File "/home/uzsombi/miniconda3/envs/popy_local/lib/python3.10/multiprocessing/pool.py", line 375, in starmap
    return self._map_async(func, iterable, starmapstar, chunksize).get()
  File "/home/uzsombi/miniconda3/envs/popy_local/lib/python3.10/multiprocessing/pool.py", line 768, in get
    self.wait(timeout)
  File "/home/uzsombi/miniconda3/envs/popy_local/lib/python3.10/multiprocessing/pool.py", line 765, in wait
    self._event.wait(timeout)
  File "/home/uzsombi/miniconda3/envs/popy_local/lib/python3.10/threading.py", line 607, in wait
    signaled = self._cond.wait(timeout)
  File "/home/uzsombi/miniconda3/envs/popy_local/lib/python3.10/threading.py", line 320, in wait
    waiter.acquire()
KeyboardInterrupt
